// Jest Snapshot v1, https://goo.gl/fbAQLP

exports[`TwoColumns should render two columns 1`] = `
<div
  className="tc-layout-two-columns"
  style={
    Object {
      "display": "flex",
    }
  }
>
  <div
    className="tc-layout-two-columns-left"
  >
    <div>
      Hello world
    </div>
  </div>
  <div
    className="tc-layout-two-columns-main"
  >
    <div
      className={undefined}
    >
      <div
        style={
          Object {
            "display": "flex",
            "flexDirection": "column",
            "height": "100%",
            "overflow": "auto",
          }
        }
      >
        <span>
          children
        </span>
      </div>
      <div
        className="react-addons-css-transition-group"
        transitionAppear={true}
        transitionAppearTimeout={400}
        transitionEnterTimeout={400}
        transitionLeaveTimeout={400}
        transitionName="tc-with-drawer-wrapper"
      />
    </div>
  </div>
</div>
`;
