// Jest Snapshot v1, https://goo.gl/fbAQLP

exports[`OneColumn should render 1`] = `
<div
  className="tc-layout-one-column"
>
  <div
    className={undefined}
  >
    <div
      style={
        Object {
          "display": "flex",
          "flexDirection": "column",
          "height": "100%",
          "overflow": "auto",
        }
      }
    >
      <span>
        children
      </span>
    </div>
    <div
      className="react-addons-css-transition-group"
      transitionAppear={true}
      transitionAppearTimeout={400}
      transitionEnterTimeout={400}
      transitionLeaveTimeout={400}
      transitionName="tc-with-drawer-wrapper"
    />
  </div>
</div>
`;
